\BOOKMARK [0][-]{chapter*.1}{\376\377\004\040\004\065\004\104\004\065\004\100\004\060\004\102}{}% 1
\BOOKMARK [0][-]{chapter*.2}{\376\377\004\027\004\074\004\126\004\101\004\102}{}% 2
\BOOKMARK [0][-]{chapter*.4}{\376\377\004\041\004\072\004\076\004\100\004\076\004\107\004\065\004\075\004\075\004\117\000\040\004\102\004\060\000\040\004\103\004\074\004\076\004\062\004\075\004\126\000\040\004\077\004\076\004\067\004\075\004\060\004\072\004\070}{}% 3
\BOOKMARK [0][-]{chapter*.5}{\376\377\004\022\004\101\004\102\004\103\004\077}{}% 4
\BOOKMARK [0][-]{chapter.1}{\376\377\004\042\004\065\004\076\004\100\004\065\004\102\004\070\004\107\004\075\004\126\000\040\004\076\004\101\004\075\004\076\004\062\004\070\000\040\004\074\004\076\004\075\004\076\004\072\004\103\004\073\004\117\004\100\004\075\004\076\004\127\000\040\004\062\004\126\004\067\004\103\004\060\004\073\004\114\004\075\004\076\004\127\000\040\004\076\004\064\004\076\004\074\004\065\004\102\004\100\004\126\004\127}{}% 5
\BOOKMARK [1][-]{section.1.1}{\376\377\004\037\004\126\004\075\000-\000h\000o\000l\000e\000\040\004\074\004\076\004\064\004\065\004\073\004\114\000\040\004\072\004\060\004\074\004\065\004\100\004\070}{chapter.1}% 6
\BOOKMARK [1][-]{section.1.2}{\376\377\004\032\004\060\004\073\004\126\004\061\004\100\004\103\004\062\004\060\004\075\004\075\004\117\000\040\004\072\004\060\004\074\004\065\004\100\004\070}{chapter.1}% 7
\BOOKMARK [1][-]{section.1.3}{\376\377\004\024\004\065\004\102\004\065\004\072\004\106\004\126\004\117\000\040\004\102\004\060\000\040\004\062\004\126\004\064\004\101\004\102\004\065\004\066\004\065\004\075\004\075\004\117\000\040\004\076\004\067\004\075\004\060\004\072}{chapter.1}% 8
\BOOKMARK [1][-]{section.1.4}{\376\377\004\025\004\077\004\126\004\077\004\076\004\073\004\117\004\100\004\075\004\060\000\040\004\063\004\065\004\076\004\074\004\065\004\102\004\100\004\126\004\117\000\040\004\102\004\060\000\040\004\101\004\103\004\102\004\102\004\124\004\062\004\060\000\040\004\074\004\060\004\102\004\100\004\070\004\106\004\117}{chapter.1}% 9
\BOOKMARK [1][-]{section.1.5}{\376\377\004\035\004\065\004\076\004\064\004\075\004\076\004\067\004\075\004\060\004\107\004\075\004\126\004\101\004\102\004\114\000\040\004\074\004\060\004\101\004\110\004\102\004\060\004\061\004\103\000\040\004\062\000\040\004\074\004\076\004\075\004\076\004\072\004\103\004\073\004\117\004\100\004\075\004\126\004\071\000\040\000V\000O}{chapter.1}% 10
\BOOKMARK [1][-]{section.1.6}{\376\377\004\036\004\063\004\073\004\117\004\064\000\040\004\077\004\126\004\064\004\105\004\076\004\064\004\126\004\062\000\040\000O\000R\000B\000-\000S\000L\000A\000M\000\040\004\102\004\060\000\040\000P\000T\000A\000M}{chapter.1}% 11
\BOOKMARK [0][-]{chapter.2}{\376\377\004\037\004\100\004\076\004\124\004\072\004\102\004\103\004\062\004\060\004\075\004\075\004\117\000\040\004\101\004\070\004\101\004\102\004\065\004\074\004\070}{}% 12
\BOOKMARK [1][-]{section.2.1}{\376\377\004\027\004\060\004\063\004\060\004\073\004\114\004\075\004\060\000\040\004\060\004\100\004\105\004\126\004\102\004\065\004\072\004\102\004\103\004\100\004\060}{chapter.2}% 13
\BOOKMARK [1][-]{section.2.2}{\376\377\004\040\004\065\004\066\004\070\004\074\004\070\000\040\004\100\004\076\004\061\004\076\004\102\004\070}{chapter.2}% 14
\BOOKMARK [1][-]{section.2.3}{\376\377\004\037\004\100\004\076\004\102\004\076\004\072\004\076\004\073\000\040\004\076\004\061\004\074\004\126\004\075\004\103\000\040\004\064\004\060\004\075\004\070\004\074\004\070}{chapter.2}% 15
\BOOKMARK [1][-]{section.2.4}{\376\377\004\027\004\061\004\065\004\100\004\126\004\063\004\060\004\075\004\075\004\117\000\040\004\072\004\076\004\075\004\104\004\126\004\063\004\103\004\100\004\060\004\106\004\126\004\127}{chapter.2}% 16
\BOOKMARK [1][-]{section.2.5}{\376\377\004\041\004\102\004\065\004\072\000\040\004\102\004\065\004\105\004\075\004\076\004\073\004\076\004\063\004\126\004\071}{chapter.2}% 17
\BOOKMARK [0][-]{chapter.3}{\376\377\004\040\004\065\004\060\004\073\004\126\004\067\004\060\004\106\004\126\004\117\000\040\004\077\004\100\004\076\004\063\004\100\004\060\004\074\004\075\004\076\004\063\004\076\000\040\004\072\004\076\004\074\004\077\004\073\004\065\004\072\004\101\004\103}{}% 18
\BOOKMARK [1][-]{section.3.1}{\376\377\004\034\004\076\004\064\004\103\004\073\004\114\000\040\004\062\004\126\004\067\004\103\004\060\004\073\004\114\004\075\004\076\004\127\000\040\004\076\004\064\004\076\004\074\004\065\004\102\004\100\004\126\004\127}{chapter.3}% 19
\BOOKMARK [2][-]{subsection.3.1.1}{\376\377\004\037\004\076\004\077\004\065\004\100\004\065\004\064\004\075\004\117\000\040\004\076\004\061\004\100\004\076\004\061\004\072\004\060}{section.3.1}% 20
\BOOKMARK [2][-]{subsection.3.1.2}{\376\377\004\032\004\076\004\075\004\062\004\065\004\124\004\100\000\040\004\076\004\061\004\100\004\076\004\061\004\072\004\070\000\040\004\072\004\060\004\064\004\100\004\103}{section.3.1}% 21
\BOOKMARK [2][-]{subsection.3.1.3}{\376\377\004\041\004\102\004\060\004\075\004\070\000\040\004\102\004\100\004\065\004\072\004\126\004\075\004\063\004\103}{section.3.1}% 22
\BOOKMARK [1][-]{section.3.2}{\376\377\004\034\004\076\004\064\004\103\004\073\004\114\000\040\004\072\004\060\004\073\004\126\004\061\004\100\004\103\004\062\004\060\004\075\004\075\004\117}{chapter.3}% 23
\BOOKMARK [1][-]{section.3.3}{\376\377\000F\000r\000o\000n\000t\000e\000n\000d\000\040\004\102\004\060\000\040\004\100\004\076\004\067\004\063\004\076\004\100\004\102\004\060\004\075\004\075\004\117}{chapter.3}% 24
\BOOKMARK [0][-]{chapter.4}{\376\377\004\025\004\072\004\101\004\077\004\065\004\100\004\070\004\074\004\065\004\075\004\102\004\060\004\073\004\114\004\075\004\126\000\040\004\064\004\076\004\101\004\073\004\126\004\064\004\066\004\065\004\075\004\075\004\117}{}% 25
\BOOKMARK [1][-]{section.4.1}{\376\377\004\035\004\060\004\061\004\126\004\100\000\040\004\064\004\060\004\075\004\070\004\105\000\040\000E\000u\000R\000o\000C\000\040\000M\000A\000V}{chapter.4}% 26
\BOOKMARK [1][-]{section.4.2}{\376\377\004\040\004\065\004\067\004\103\004\073\004\114\004\102\004\060\004\102\004\070\000\040\004\072\004\060\004\073\004\126\004\061\004\100\004\103\004\062\004\060\004\075\004\075\004\117}{chapter.4}% 27
\BOOKMARK [1][-]{section.4.3}{\376\377\004\036\004\106\004\126\004\075\004\116\004\062\004\060\004\075\004\075\004\117\000\040\000V\000O}{chapter.4}% 28
\BOOKMARK [1][-]{section.4.4}{\376\377\004\036\004\061\004\074\004\065\004\066\004\065\004\075\004\075\004\117\000\040\004\065\004\072\004\101\004\077\004\065\004\100\004\070\004\074\004\065\004\075\004\102\004\126\004\062}{chapter.4}% 29
\BOOKMARK [0][-]{chapter*.9}{\376\377\004\022\004\070\004\101\004\075\004\076\004\062\004\072\004\070}{}% 30
\BOOKMARK [0][-]{chapter*.10}{\376\377\004\037\004\065\004\100\004\065\004\073\004\126\004\072\000\040\004\064\004\066\004\065\004\100\004\065\004\073\000\040\004\077\004\076\004\101\004\070\004\073\004\060\004\075\004\075\004\117}{}% 31
